[2025-09-22T17:28:00.086+0000] {manager.py:470} INFO - Processing files using up to 2 processes at a time 
[2025-09-22T17:28:00.086+0000] {manager.py:471} INFO - Process each file at most once every 30 seconds
[2025-09-22T17:28:00.087+0000] {manager.py:472} INFO - Checking for new files in /opt/airflow/dags every 300 seconds
[2025-09-22T17:28:00.087+0000] {manager.py:737} INFO - Searching for files in /opt/airflow/dags
[2025-09-22T17:28:00.092+0000] {manager.py:740} INFO - There are 1 files in /opt/airflow/dags
[2025-09-22T17:28:00.152+0000] {manager.py:878} INFO - 
================================================================================
DAG File Processing Stats

File Path                                                  PID  Runtime      # DAGs    # Errors  Last Runtime    Last Run
-------------------------------------------------------  -----  ---------  --------  ----------  --------------  ----------
/opt/airflow/dags/download_and_process_announcements.py     29  0.03s             0           0
================================================================================
[2025-09-22T17:28:30.410+0000] {manager.py:878} INFO - 
================================================================================
DAG File Processing Stats

File Path                                                  PID  Runtime      # DAGs    # Errors  Last Runtime    Last Run
-------------------------------------------------------  -----  ---------  --------  ----------  --------------  -------------------
/opt/airflow/dags/download_and_process_announcements.py     30  0.02s             0           1  0.15s           2025-09-22T17:28:00
================================================================================
[2025-09-22T17:29:00.841+0000] {manager.py:878} INFO - 
================================================================================
DAG File Processing Stats

File Path                                                  PID  Runtime      # DAGs    # Errors  Last Runtime    Last Run
-------------------------------------------------------  -----  ---------  --------  ----------  --------------  -------------------
/opt/airflow/dags/download_and_process_announcements.py     31  0.01s             0           1  0.14s           2025-09-22T17:28:30
================================================================================
[2025-09-22T17:29:31.255+0000] {manager.py:878} INFO - 
================================================================================
DAG File Processing Stats

File Path                                                  PID  Runtime      # DAGs    # Errors  Last Runtime    Last Run
-------------------------------------------------------  -----  ---------  --------  ----------  --------------  -------------------
/opt/airflow/dags/download_and_process_announcements.py     32  0.01s             0           1  0.13s           2025-09-22T17:29:00
================================================================================
[2025-09-22T17:30:01.664+0000] {manager.py:878} INFO - 
================================================================================
DAG File Processing Stats

File Path                                                  PID  Runtime      # DAGs    # Errors  Last Runtime    Last Run
-------------------------------------------------------  -----  ---------  --------  ----------  --------------  -------------------
/opt/airflow/dags/download_and_process_announcements.py     33  0.01s             0           1  0.11s           2025-09-22T17:29:31
================================================================================
[2025-09-22T17:30:32.114+0000] {manager.py:878} INFO - 
================================================================================
DAG File Processing Stats

File Path                                                  PID  Runtime      # DAGs    # Errors  Last Runtime    Last Run
-------------------------------------------------------  -----  ---------  --------  ----------  --------------  -------------------
/opt/airflow/dags/download_and_process_announcements.py     34  0.02s             0           1  0.11s           2025-09-22T17:30:01
================================================================================
[2025-09-22T17:31:02.415+0000] {manager.py:878} INFO - 
================================================================================
DAG File Processing Stats

File Path                                                  PID  Runtime      # DAGs    # Errors  Last Runtime    Last Run
-------------------------------------------------------  -----  ---------  --------  ----------  --------------  -------------------
/opt/airflow/dags/download_and_process_announcements.py     35  0.01s             0           1  0.11s           2025-09-22T17:30:32
================================================================================
[2025-09-22T17:31:32.866+0000] {manager.py:878} INFO - 
================================================================================
DAG File Processing Stats

File Path                                                  PID  Runtime      # DAGs    # Errors  Last Runtime    Last Run
-------------------------------------------------------  -----  ---------  --------  ----------  --------------  -------------------
/opt/airflow/dags/download_and_process_announcements.py     36  0.03s             0           1  0.10s           2025-09-22T17:31:02
================================================================================
[2025-09-22T17:32:03.171+0000] {manager.py:878} INFO - 
================================================================================
DAG File Processing Stats

File Path                                                  PID  Runtime      # DAGs    # Errors  Last Runtime    Last Run
-------------------------------------------------------  -----  ---------  --------  ----------  --------------  -------------------
/opt/airflow/dags/download_and_process_announcements.py     37  0.01s             0           1  0.13s           2025-09-22T17:31:32
================================================================================
[2025-09-22T17:32:09.984+0000] {manager.py:452} INFO - Exiting gracefully upon receiving signal 15
